// Jest Snapshot v1, https://goo.gl/fbAQLP

exports[`WelcomePage should render 1`] = `
<WelcomePage>
  <Header>
    <styled.div>
      <StyledComponent
        forwardedComponent={
          Object {
            "$$typeof": Symbol(react.forward_ref),
            "attrs": Array [],
            "componentStyle": ComponentStyle {
              "componentId": "sc-bdVaJa",
              "isStatic": false,
              "lastClassName": "kIgjjn",
              "rules": Array [
                "
  z-index: 1;
  h1 {
    font-family: 'Playfair Display', serif;
  }

  ",
                [Function],
                "
",
              ],
            },
            "displayName": "styled.div",
            "foldedComponentIds": Array [],
            "render": [Function],
            "styledComponentId": "sc-bdVaJa",
            "target": "div",
            "toString": [Function],
            "warnTooManyClasses": [Function],
            "withComponent": [Function],
          }
        }
        forwardedRef={null}
      >
        <div
          className="sc-bdVaJa kIgjjn"
        >
          <h1>
            Chateer
          </h1>
        </div>
      </StyledComponent>
    </styled.div>
  </Header>
  <div />
</WelcomePage>
`;
